// Jest Snapshot v1, https://goo.gl/fbAQLP

exports[`HomePage renders correctly 1`] = `
<main>
  <img
    class="logo"
    src="test-file-stub"
  />
  <h1
    class="center-content"
  >
    Sitio en construcción 🚧
  </h1>
  <p
    class="center-content"
  >
    Si deseas unite al equipo y colaborar puedes hacerlo en este 
    <a
      href="https://forms.gle/3CUo2tuomGHXU6yg9"
      target="_blank"
    >
      formulario 📓
    </a>
  </p>
</main>
`;
