// Jest Snapshot v1, https://goo.gl/fbAQLP

exports[`HomePage renders correctly 1`] = `
<main>
  <header
    class=" "
  >
    <div
      class="grid content collapse"
    >
      <div
        class="col  "
      >
        <a
          href="/"
        >
          <img
            class="logo"
            src="test-file-stub"
          />
        </a>
      </div>
      <div
        class="col  two-spaces"
      >
        <nav>
          <a
            href="/projects"
          >
            Proyectos
          </a>
          <a
            href="/us"
          >
            Nosotros
          </a>
          <a
            href="/faqs"
          >
            FAQs
          </a>
          <a
            href="/"
          >
            <svg
              aria-hidden="true"
              class="svg-inline--fa fa-twitter fa-w-16 "
              data-icon="twitter"
              data-prefix="fab"
              focusable="false"
              role="img"
              viewBox="0 0 512 512"
              xmlns="http://www.w3.org/2000/svg"
            >
              <path
                d="M459.37 151.716c.325 4.548.325 9.097.325 13.645 0 138.72-105.583 298.558-298.558 298.558-59.452 0-114.68-17.219-161.137-47.106 8.447.974 16.568 1.299 25.34 1.299 49.055 0 94.213-16.568 130.274-44.832-46.132-.975-84.792-31.188-98.112-72.772 6.498.974 12.995 1.624 19.818 1.624 9.421 0 18.843-1.3 27.614-3.573-48.081-9.747-84.143-51.98-84.143-102.985v-1.299c13.969 7.797 30.214 12.67 47.431 13.319-28.264-18.843-46.781-51.005-46.781-87.391 0-19.492 5.197-37.36 14.294-52.954 51.655 63.675 129.3 105.258 216.365 109.807-1.624-7.797-2.599-15.918-2.599-24.04 0-57.828 46.782-104.934 104.934-104.934 30.213 0 57.502 12.67 76.67 33.137 23.715-4.548 46.456-13.32 66.599-25.34-7.798 24.366-24.366 44.833-46.132 57.827 21.117-2.273 41.584-8.122 60.426-16.243-14.292 20.791-32.161 39.308-52.628 54.253z"
                fill="currentColor"
              />
            </svg>
          </a>
        </nav>
      </div>
    </div>
  </header>
  <section
    class="page-section light padding-top-three padding-bottom-three"
  >
    <h1
      class="cormorant big"
    >
      COVID-19 representa un reto de organización y servicios para los gobiernos, y creemos usar herramientas digitales para ayudar.
    </h1>
    <p
      class="big margin-top-three"
    >
      Estamos ayudando a entidades de gobierno federal, estatal y municipal durante la crisis de salud pública ocasionada por COVID-19, a través de voluntarios digitales con experiencia en procesamiento de datos, tecnología, comunicaciones y operaciones.
    </p>
    <div
      class="buttons-list margin-top-three"
    >
      <a
        class="button"
        href="https://forms.gle/cMXrYdXGxQo6QSrw9"
        target="_blank"
      >
        Gobiernos
      </a>
      <a
        class="button"
        href="https://forms.gle/3CUo2tuomGHXU6yg9"
        target="_blank"
      >
        Voluntarios
      </a>
    </div>
  </section>
  <section
    class="page-section dark padding-top-three padding-bottom-three"
  >
    <h1
      class="cormorant big"
    >
      Gobiernos
    </h1>
    <p
      class="big margin-top-three"
    >
      Si trabaja en alguna oficina de gobierno y necesita ayuda para superar la crisis de COVID-19, estamos armando una red de voluntarios capacitados en procesamiento de datos, tecnología, comunicaciones y operaciones que puede ayudarlo.
    </p>
    <p
      class="big margin-top-one"
    >
      Llene el siguiente formato y nos pondremos en contacto para analizar sus necesidades y encontrar voluntarios que puedan ayudarle:
    </p>
    <div
      class="buttons-list margin-top-three"
    >
      <a
        class="button"
        href="https://forms.gle/cMXrYdXGxQo6QSrw9"
        target="_blank"
      >
        Gobiernos
      </a>
    </div>
  </section>
  <section
    class="page-section light padding-top-three padding-bottom-three"
  >
    <h1
      class="cormorant big"
    >
      Voluntarios
    </h1>
    <p
      class="big margin-top-three"
    >
      Si quieres aportar tu conocimiento y tiempo, estamos aceptando voluntarios con conocimientos y experiencia técnica que los gobiernos necesitan.
    </p>
    <p
      class="big"
    >
      Necesitamos usuarios con conocimiento en las siguientes áreas:
    </p>
    <h2
      class="margin-top-two"
    >
      Tecnología
    </h2>
    <p
      class="big margin-top-one"
    >
      Científicos de datos, ingenieros de front-end y back-end, diseñadores, gerentes de ingeniería, gerentes de producto, investigadores de usuarios, escritores.
    </p>
    <h2
      class="margin-top-two"
    >
      Políticas Públicas
    </h2>
    <p
      class="big margin-top-one"
    >
      Políticas públicas, Epidemiólogos.
    </p>
    <h2
      class="margin-top-two"
    >
      Comunicaciones
    </h2>
    <p
      class="big margin-top-one"
    >
      Estrategas de contenido, redactores, diseñadores gráficos y gerentes de redes sociales.
    </p>
    <div
      class="buttons-list margin-top-three"
    >
      <a
        class="button"
        href="https://forms.gle/cMXrYdXGxQo6QSrw9"
        target="_blank"
      >
        Voluntarios
      </a>
    </div>
  </section>
  <footer
    class="padding-top-three dark"
  >
    <h1>
      Contactanos
    </h1>
    <p>
      contacto@brigadadigitalmx.org
    </p>
  </footer>
</main>
`;
